python3 tools/course_public_evaluator.py --week 06 --mode verify --execute-toolchain
{
  "schemaVersion": 1,
  "week": 6,
  "mode": "verify",
  "commitSha": "c74e4796b7f50f3d804f853fec2b271fd6417728",
  "evaluatedAt": "2026-10-09T23:09:19.404301+00:00",
  "status": "fail",
  "checks": [
    {
      "id": "base_files",
      "status": "pass",
      "detail": "missing=[]"
    },
    {
      "id": "react_native_profile",
      "status": "pass",
      "detail": "missing packages=[]"
    },
    {
      "id": "toolchain_scripts",
      "status": "pass",
      "detail": "missing scripts=[]"
    },
    {
      "id": "workflow_integrity",
      "status": "pass",
      "detail": "bypass markers=[]"
    },
    {
      "id": "secret_scan",
      "status": "pass",
      "detail": "hits=[]"
    },
    {
      "id": "toolchain_1",
      "status": "pass",
      "detail": "npm run typecheck\n> dmi-react-native-starter@1.0.0 typecheck\n> tsc --noEmit"
    },
    {
      "id": "toolchain_2",
      "status": "pass",
      "detail": "npm run lint\n> dmi-react-native-starter@1.0.0 lint\n> eslint ."
    },
    {
      "id": "toolchain_3",
      "status": "fail",
      "detail": "npm run audit:ci\nles/expo\n        @expo/metro-config  >=0.21.0-canary-20250630-547cd82\n        Depends on vulnerable versions of @expo/metro\n        node_modules/@expo/metro-config\n      metro  >=0.71.0\n      Depends on vulnerable versions of metro-config\n      Depends on vulnerable versions of metro-file-map\n      Depends on vulnerable versions of metro-transform-worker\n      node_modules/metro\n        @react-native/community-cli-plugin  *\n        Depends on vulnerable versions of metro\n        Depends on vulnerable versions of metro-config\n        node_modules/@react-native/community-cli-plugin\n        metro-config  >=0.71.0\n        Depends on vulnerable versions of metro\n        node_modules/metro-config\n        metro-transform-worker  >=0.71.0\n        Depends on vulnerable versions of metro\n        node_modules/metro-transform-worker\n\ncompression  <1.8.2\nSeverity: high\ncompression vulnerable to Denial of Service via memory leak on premature response close - https://github.com/advisories/GHSA-vc2v-76pw-4v95\nfix available via `npm audit fix`\nnode_modules/compression\n\nnode-forge  *\nSeverity: high\nnode-forge RSA PKCS#1 v1.5 signature verification accepts extra nested DigestAlgorithm elements - https://github.com/advisories/GHSA-86w9-cpqp-85rv\nfix available via `npm audit fix --force`\nWill install expo@44.0.6, which is a breaking change\nnode_modules/node-forge\n  @expo/code-signing-certificates  *\n  Depends on vulnerable versions of node-forge\n  node_modules/@expo/code-signing-certificates\n\nshell-quote  1.8.4 - 1.10.0\nSeverity: critical\nshell-quote: `quote()` command injection via a line terminator in a token after a `{ comment }` token - https://github.com/advisories/GHSA-pqg4-j6r4-53mv\nfix available via `npm audit fix`\nnode_modules/shell-quote\n\nsource-map-js  1.0.0 - 1.2.1\nSeverity: high\nsource-map-js allows event-loop denial of service through indexed source-map section offsets - https://github.com/advisories/GHSA-68fv-2mgg-jv7q\nfix available via `npm audit fix`\nnode_modules/source-map-js\n\nsprintf-js  *\nSeverity: moderate\nsprintf-js vulnerable to denial of service through unbounded precision specifiers - https://github.com/advisories/GHSA-hp3w-g68c-fv3c\nfix available via `npm audit fix --force`\nWill install react-native@0.87.1, which is a breaking change\nnode_modules/sprintf-js\n  argparse  1.0.0 - 1.0.10\n  Depends on vulnerable versions of sprintf-js\n  node_modules/argparse\n    js-yaml  3.2.7 - 3.15.2\n    Depends on vulnerable versions of argparse\n    node_modules/js-yaml\n      @istanbuljs/load-nyc-config  *\n      Depends on vulnerable versions of js-yaml\n      node_modules/@istanbuljs/load-nyc-config\n        babel-plugin-istanbul  >=6.0.0-beta.0\n        Depends on vulnerable versions of @istanbuljs/load-nyc-config\n        node_modules/babel-plugin-istanbul\n\n33 vulnerabilities (5 moderate, 27 high, 1 critical)\n\nTo address issues that do not require attention, run:\n  npm audit fix\n\nTo address all issues (including breaking changes), run:\n  npm audit fix --force"
    },
    {
      "id": "toolchain_4",
      "status": "pass",
      "detail": "npm run test:smoke\n> dmi-react-native-starter@1.0.0 test:smoke\n> jest --no-watchman --cacheDirectory .jest-cache --ci --runInBand course-tests/smoke.test.tsx\n\n\nPASS course-tests/smoke.test.tsx\n  ✓ renders the reproducible baseline and resolves backend state (46 ms)\n\nTest Suites: 1 passed, 1 total\nTests:       1 passed, 1 total\nSnapshots:   0 total\nTime:        0.418 s, estimated 1 s\nRan all test suites matching /course-tests\\/smoke.test.tsx/i."
    },
    {
      "id": "toolchain_5",
      "status": "pass",
      "detail": "npm run backend:self-test\n> dmi-react-native-starter@1.0.0 backend:self-test\n> node course-backend/self-test.mjs\n\nCampusOps backend contracts: roles, reassignment conflict, lost response, idempotency, evidence and geocoding PASS.\nControlled backend self-test passed."
    }
  ]
}
make: *** [Makefile:33: verify-week-06] Error 1
