npm run typecheck

> dmi-react-native-starter@1.0.0 typecheck
> tsc --noEmit

npm run lint

> dmi-react-native-starter@1.0.0 lint
> eslint .

npm test -- --ci --runInBand

> dmi-react-native-starter@1.0.0 test
> jest --no-watchman --cacheDirectory .jest-cache course-tests/smoke.test.tsx course-tests/incidents.test.tsx course-tests/architecture.test.ts course-tests/week-03-ci.test.ts course-tests/week-04-storage.test.ts course-tests/week-04-errors.test.tsx course-tests/week-05-client.test.tsx course-tests/week-05-transport-validation.test.tsx course-tests/week-05-ui-failure.test.tsx course-tests/public/week-01.test.ts course-tests/public/week-02.test.ts course-tests/public/week-03.test.ts course-tests/public/week-05.test.ts course-tests/public/week-06.test.ts --ci --runInBand

FAIL course-tests/public/week-06.test.ts
  ● coalesces concurrent 401s into one refresh and retries each request once

    coordinateRefresh must be implemented in the assigned week

      13 |
      14 | function pending(name: string): never {
    > 15 |   throw new Error(`${name} must be implemented in the assigned week`);
         |         ^
      16 | }
      17 |
      18 | export { redactForTelemetry, parseRemoteResource };

      at pending (src/course-evaluation/index.ts:15:9)
      at pending (src/course-evaluation/index.ts:27:10)
      at Object.<anonymous> (course-tests/public/week-06.test.ts:4:36)

  ● logout removes persisted session state

    coordinateRefresh must be implemented in the assigned week

      13 |
      14 | function pending(name: string): never {
    > 15 |   throw new Error(`${name} must be implemented in the assigned week`);
         |         ^
      16 | }
      17 |
      18 | export { redactForTelemetry, parseRemoteResource };

      at pending (src/course-evaluation/index.ts:15:9)
      at pending (src/course-evaluation/index.ts:27:10)
      at Object.<anonymous> (course-tests/public/week-06.test.ts:20:27)

PASS course-tests/week-05-client.test.tsx
PASS course-tests/week-05-ui-failure.test.tsx
PASS course-tests/week-05-transport-validation.test.tsx
PASS course-tests/smoke.test.tsx
PASS course-tests/incidents.test.tsx
PASS course-tests/week-04-errors.test.tsx
PASS course-tests/architecture.test.ts
PASS course-tests/week-03-ci.test.ts
PASS course-tests/week-04-storage.test.ts
PASS course-tests/public/week-03.test.ts
PASS course-tests/public/week-05.test.ts
PASS course-tests/public/week-02.test.ts
PASS course-tests/public/week-01.test.ts

Test Suites: 1 failed, 13 passed, 14 total
Tests:       2 failed, 56 passed, 58 total
Snapshots:   0 total
Time:        1.462 s, estimated 2 s
Ran all test suites matching /course-tests\/smoke.test.tsx|course-tests\/incidents.test.tsx|course-tests\/architecture.test.ts|course-tests\/week-03-ci.test.ts|course-tests\/week-04-storage.test.ts|course-tests\/week-04-errors.test.tsx|course-tests\/week-05-client.test.tsx|course-tests\/week-05-transport-validation.test.tsx|course-tests\/week-05-ui-failure.test.tsx|course-tests\/public\/week-01.test.ts|course-tests\/public\/week-02.test.ts|course-tests\/public\/week-03.test.ts|course-tests\/public\/week-05.test.ts|course-tests\/public\/week-06.test.ts/i.
make: *** [Makefile:12: verify] Error 1
