
> dmi-react-native-starter@1.0.0 test
> jest --no-watchman --cacheDirectory .jest-cache course-tests/smoke.test.tsx course-tests/incidents.test.tsx course-tests/architecture.test.ts course-tests/week-03-ci.test.ts course-tests/week-04-storage.test.ts course-tests/week-04-errors.test.tsx course-tests/week-05-client.test.tsx course-tests/week-05-transport-validation.test.tsx course-tests/week-05-ui-failure.test.tsx course-tests/public/week-01.test.ts course-tests/public/week-02.test.ts course-tests/public/week-03.test.ts course-tests/public/week-05.test.ts --ci --runInBand

PASS course-tests/week-05-client.test.tsx
PASS course-tests/incidents.test.tsx
PASS course-tests/week-05-ui-failure.test.tsx
PASS course-tests/week-05-transport-validation.test.tsx
PASS course-tests/week-04-errors.test.tsx
PASS course-tests/smoke.test.tsx
PASS course-tests/public/week-02.test.ts
PASS course-tests/week-03-ci.test.ts
PASS course-tests/week-04-storage.test.ts
PASS course-tests/architecture.test.ts
PASS course-tests/public/week-05.test.ts
PASS course-tests/public/week-01.test.ts
PASS course-tests/public/week-03.test.ts

Test Suites: 13 passed, 13 total
Tests:       56 passed, 56 total
Snapshots:   0 total
Time:        3.467 s
Ran all test suites matching /course-tests\/smoke.test.tsx|course-tests\/incidents.test.tsx|course-tests\/architecture.test.ts|course-tests\/week-03-ci.test.ts|course-tests\/week-04-storage.test.ts|course-tests\/week-04-errors.test.tsx|course-tests\/week-05-client.test.tsx|course-tests\/week-05-transport-validation.test.tsx|course-tests\/week-05-ui-failure.test.tsx|course-tests\/public\/week-01.test.ts|course-tests\/public\/week-02.test.ts|course-tests\/public\/week-03.test.ts|course-tests\/public\/week-05.test.ts/i.
